components/expandable-card-demo-standard.tsx(31,19): error TS2345: Argument of type 'RefObject<HTMLDivElement | null>' is not assignable to parameter of type 'RefObject<HTMLDivElement>'.
  Type 'HTMLDivElement | null' is not assignable to type 'HTMLDivElement'.
    Type 'null' is not assignable to type 'HTMLDivElement'.
components/motion-primitives/glow-effect.tsx(142,7): error TS2322: Type '{ background: string[]; transition: { isSync?: boolean | undefined; delay?: number | undefined; elapsed?: number | undefined; driver?: Driver | undefined; type?: AnimationGeneratorType | undefined; ... 33 more ...; onStop?: (() => void) | undefined; } | { ...; }; } | ... 4 more ... | { ...; }' is not assignable to type 'boolean | TargetAndTransition | VariantLabels | LegacyAnimationControls | undefined'.
  Type '{ background: string[]; transition: { isSync?: boolean; delay?: number; elapsed?: number; driver?: Driver; type?: AnimationGeneratorType; ... 33 more ...; onStop?: () => void; } | { ...; }; }' is not assignable to type 'boolean | TargetAndTransition | VariantLabels | LegacyAnimationControls | undefined'.
    Type '{ background: string[]; transition: { isSync?: boolean; delay?: number; elapsed?: number; driver?: Driver; type?: AnimationGeneratorType; ... 33 more ...; onStop?: () => void; } | { ...; }; }' is not assignable to type 'TargetAndTransition'.
      Type '{ background: string[]; transition: { isSync?: boolean; delay?: number; elapsed?: number; driver?: Driver; type?: AnimationGeneratorType; ... 33 more ...; onStop?: () => void; } | { ...; }; }' is not assignable to type '{ transition?: Transition<any> | undefined; transitionEnd?: ResolvedValues$1 | undefined; }'.
        Types of property 'transition' are incompatible.
          Type '{ isSync?: boolean | undefined; delay?: number | undefined; elapsed?: number | undefined; driver?: Driver | undefined; type?: AnimationGeneratorType | undefined; ... 33 more ...; onStop?: (() => void) | undefined; } | { ...; }' is not assignable to type 'Transition<any> | undefined'.
            Type '{ repeat: number; duration: number; ease: string; }' is not assignable to type 'Transition<any> | undefined'.
              Type '{ repeat: number; duration: number; ease: string; }' is not assignable to type 'TransitionWithValueOverrides<any>'.
                Type '{ repeat: number; duration: number; ease: string; }' is not assignable to type 'ValueAnimationTransition<any>'.
                  Types of property 'ease' are incompatible.
                    Type 'string' is not assignable to type 'Easing | Easing[] | undefined'.
components/sections/projects.tsx(31,21): error TS2345: Argument of type 'RefObject<HTMLDivElement | null>' is not assignable to parameter of type 'RefObject<HTMLDivElement>'.
  Type 'HTMLDivElement | null' is not assignable to type 'HTMLDivElement'.
    Type 'null' is not assignable to type 'HTMLDivElement'.
components/ui/sliding-number.tsx(69,7): error TS2322: Type '{ type: string; stiffness: number; damping: number; mass: number; }' is not assignable to type 'Transition<any> | undefined'.
  Type '{ type: string; stiffness: number; damping: number; mass: number; }' is not assignable to type 'TransitionWithValueOverrides<any>'.
    Type '{ type: string; stiffness: number; damping: number; mass: number; }' is not assignable to type 'ValueAnimationTransition<any>'.
      Types of property 'type' are incompatible.
        Type 'string' is not assignable to type 'AnimationGeneratorType | undefined'.
